<html>
<body>
<pre>
<h1>礦ision Build Log</h1>
<h2>Tool Versions:</h2>
IDE-Version: μVision V5.39.0.0
Copyright (C) 2023 ARM Ltd and ARM Germany GmbH. All rights reserved.
License Information: Susan,  , LIC=PE7DL-0EAMF-DYXV3-AXVNH-MX3RR-ZXUXK
 
Tool Versions:
Toolchain:       MDK-ARM Plus  Version: 5.39.0.0
Toolchain Path:  D:\ST32\Keil5-\ARM\ARMCC\Bin
C Compiler:      Armcc.exe V5.06 update 6 (build 750)
Assembler:       Armasm.exe V5.06 update 6 (build 750)
Linker/Locator:  ArmLink.exe V5.06 update 6 (build 750)
Library Manager: ArmAr.exe V5.06 update 6 (build 750)
Hex Converter:   FromElf.exe V5.06 update 6 (build 750)
CPU DLL:         SARMCM3.DLL V5.39.0.0
Dialog DLL:      DCM.DLL V1.17.5.0
Target DLL:      UL2CM3.DLL V1.164.9.0
Dialog DLL:      TCM.DLL V1.56.4.0
 
<h2>Project:</h2>
C:\Users\Susan\Desktop\2026实验报告\实验3\实验3\中断\Project.uvprojx
Project File Date:  04/15/2026

<h2>Output:</h2>
*** Using Compiler 'V5.06 update 6 (build 750)', folder: 'D:\ST32\Keil5-\ARM\ARMCC\Bin'
Build target 'Target 1'
assembling startup_stm32f10x_hd.s...
compiling core_cm3.c...
compiling main.c...
Hardware\Key.h(10): warning:  #1-D: last line of file ends without a newline
  #endif 
Hardware\bsp_exti.h(7): warning:  #1-D: last line of file ends without a newline
  #endif
User\main.c(42): warning:  #1-D: last line of file ends without a newline
  }
User\main.c: 3 warnings, 0 errors
compiling stm32f10x_it.c...
compiling misc.c...
compiling stm32f10x_crc.c...
compiling stm32f10x_cec.c...
compiling stm32f10x_adc.c...
compiling system_stm32f10x.c...
compiling stm32f10x_bkp.c...
compiling stm32f10x_can.c...
compiling stm32f10x_dac.c...
compiling stm32f10x_dbgmcu.c...
compiling stm32f10x_dma.c...
compiling stm32f10x_exti.c...
compiling stm32f10x_flash.c...
compiling stm32f10x_fsmc.c...
compiling stm32f10x_gpio.c...
compiling stm32f10x_iwdg.c...
compiling stm32f10x_i2c.c...
compiling stm32f10x_pwr.c...
compiling stm32f10x_rtc.c...
compiling stm32f10x_rcc.c...
compiling stm32f10x_sdio.c...
compiling stm32f10x_spi.c...
compiling stm32f10x_tim.c...
compiling stm32f10x_wwdg.c...
compiling Delay.c...
compiling stm32f10x_usart.c...
compiling OLED.c...
compiling CountSensor.c...
Hardware\CountSensor.c(56): warning:  #1-D: last line of file ends without a newline
  }
Hardware\CountSensor.c: 1 warning, 0 errors
compiling Key.c...
Hardware\Key.c(44): warning:  #1-D: last line of file ends without a newline
  }
Hardware\Key.c: 1 warning, 0 errors
compiling Led.c...
Hardware\Led.c(87): warning:  #1-D: last line of file ends without a newline
  }
Hardware\Led.c: 1 warning, 0 errors
compiling bsp_exti.c...
Hardware\bsp_exti.c(70): warning:  #1-D: last line of file ends without a newline
  }
Hardware\bsp_exti.c: 1 warning, 0 errors
linking...
Program Size: Code=2420 RO-data=336 RW-data=4 ZI-data=1636  
FromELF: creating hex file...
".\Objects\Project.axf" - 0 Error(s), 7 Warning(s).

<h2>Software Packages used:</h2>

Package Vendor: Keil
                https://www.keil.com/pack/Keil.STM32F1xx_DFP.2.4.1.pack
                Keil::STM32F1xx_DFP@2.4.1
                STMicroelectronics STM32F1 Series Device Support, Drivers and Examples

<h2>Collection of Component include folders:</h2>
  D:/ST32/Keil5-/packs/Keil/STM32F1xx_DFP/2.4.1/Device/Include

<h2>Collection of Component Files used:</h2>
Build Time Elapsed:  00:00:01
</pre>
</body>
</html>
